files\test-out\result\test1.txt#3#Sasfiles\test-out\result\test2.txt#11#Sample textfiles\test-out\result\sas.txt#4#four